// Jest Snapshot v1, https://goo.gl/fbAQLP

exports[`Pruevas en el <AppRouter /> Debe mostrar el espere 1`] = `
<h1>
  ESPERE...
</h1>
`;
